litedram.c:223:13:command_px	0	static
litedram.c:651:13:sdram_write_leveling_inc_delay	0	static
litedram.c:941:13:sdram_read_leveling_rst_delay	0	static
litedram.c:958:13:sdram_read_leveling_inc_delay	0	static
litedram.c:975:13:sdram_read_leveling_rst_bitslip	0	static
litedram.c:988:13:sdram_read_leveling_inc_bitslip	0	static
litedram.c:191:13:sdram_dfii_pix_baddress_write.constprop	0	static
litedram.c:159:13:sdram_dfii_pix_address_write.constprop	0	static
common.h:209:20:csr_rd_buf_uint8.constprop	0	static
litedram.c:71:12:putchar.isra	4	static
litedram.c:75:12:puts.isra	8	static
litedram.c:338:13:print_scan_errors	12	static
litedram.c:55:6:cdelay	0	static
litedram.c:627:13:sdram_write_leveling_rst_delay	8	static
litedram.c:663:12:sdram_write_leveling_scan	100	static
litedram.c:355:21:sdram_write_read_check_test_pattern	72	static
litedram.c:1000:21:sdram_read_leveling_scan_module	28	static
litedram.c:426:13:sdram_leveling_center_module	60	static
litedram.c:1198:13:sdram_write_dq_dqs_training_inc_delay	8	static
litedram.c:1176:13:sdram_write_dq_dqs_training_rst_delay	8	static
litedram.c:68:6:serial0_init	0	static
litedram.c:113:5:sdram_get_databits	0	static
litedram.c:117:5:sdram_get_freq	0	static
litedram.c:121:5:sdram_get_cl	0	static
litedram.c:129:5:sdram_get_cwl	0	static
litedram.c:264:6:sdram_software_control_on	4	static
litedram.c:280:6:sdram_software_control_off	4	static
litedram.c:299:6:sdram_mode_register_write	0	static
litedram.c:583:6:sdram_write_leveling_rst_cmd_delay	4	static
litedram.c:589:6:sdram_write_leveling_force_cmd_delay	16	static
litedram.c:603:6:sdram_write_leveling_rst_dat_delay	16	static
litedram.c:609:6:sdram_write_leveling_force_dat_delay	20	static
litedram.c:615:6:sdram_write_leveling_rst_bitslip	16	static
litedram.c:621:6:sdram_write_leveling_force_bitslip	20	static
litedram.c:861:5:sdram_write_leveling	56	static
litedram.c:1042:6:sdram_read_leveling	32	static
litedram.c:1256:5:sdram_leveling	36	static
litedram.c:1299:5:main	24	static
