litedram.c:55:6:cdelay	0	static
litedram.c:221:13:command_px	0	static
litedram.c:395:13:sdram_write_leveling_rst_delay	8	static
litedram.c:408:13:sdram_write_leveling_inc_delay	0	static
litedram.c:670:13:sdram_read_leveling_rst_delay	0	static
litedram.c:687:13:sdram_read_leveling_inc_delay	0	static
litedram.c:704:13:sdram_read_leveling_rst_bitslip	0	static
litedram.c:717:13:sdram_read_leveling_inc_bitslip	0	static
litedram.c:189:13:sdram_dfii_pix_baddress_write.constprop	0	static
litedram.c:157:13:sdram_dfii_pix_address_write.constprop	0	static
common.h:206:20:csr_rd_buf_uint8.constprop	0	static
litedram.c:743:12:sdram_write_read_check_test_pattern	72	static
litedram.c:71:12:putchar.isra	4	static
litedram.c:75:12:puts.isra	8	static
litedram.c:828:13:sdram_read_leveling_module	32	static
litedram.c:420:12:sdram_write_leveling_scan	108	static
litedram.c:68:6:serial0_init	0	static
litedram.c:111:5:sdram_get_databits	0	static
litedram.c:115:5:sdram_get_freq	0	static
litedram.c:119:5:sdram_get_cl	0	static
litedram.c:127:5:sdram_get_cwl	0	static
litedram.c:262:6:sdram_software_control_on	4	static
litedram.c:278:6:sdram_software_control_off	4	static
litedram.c:297:6:sdram_mode_register_write	0	static
litedram.c:351:6:sdram_write_leveling_rst_cmd_delay	4	static
litedram.c:357:6:sdram_write_leveling_force_cmd_delay	16	static
litedram.c:371:6:sdram_write_leveling_rst_dat_delay	16	static
litedram.c:377:6:sdram_write_leveling_force_dat_delay	20	static
litedram.c:383:6:sdram_write_leveling_rst_bitslip	16	static
litedram.c:389:6:sdram_write_leveling_force_bitslip	20	static
litedram.c:592:5:sdram_write_leveling	48	static
litedram.c:895:6:sdram_read_leveling	44	static
litedram.c:1007:5:sdram_leveling	44	static
litedram.c:1045:5:main	28	static
