litedram.c:242:13:command_px	0	static
litedram.c:343:21:popcount	0	static
litedram.c:1042:6:read_inc_dq_delay	0	static
litedram.c:1048:6:read_rst_dq_delay	0	static
litedram.c:1088:6:read_inc_dq_bitslip	0	static
litedram.c:1094:6:read_rst_dq_bitslip	0	static
litedram.c:1160:6:write_inc_dq_bitslip	0	static
litedram.c:1166:6:write_rst_dq_bitslip	0	static
litedram.c:508:6:sdram_leveling_action.constprop	4	static
litedram.c:210:13:sdram_dfii_pix_baddress_write.constprop	0	static
litedram.c:178:13:sdram_dfii_pix_address_write.constprop	0	static
common.h:209:20:csr_rd_buf_uint8.constprop	0	static
litedram.c:91:12:putchar.isra	8	static
litedram.c:95:12:puts.isra	8	static
litedram.c:352:13:print_scan_errors	12	static
litedram.c:73:30:cdelay	0	static
litedram.c:698:6:write_inc_dq_delay	4	static
litedram.c:705:6:write_rst_dq_delay	8	static
litedram.c:760:12:sdram_write_leveling_scan	92	static
litedram.c:474:12:run_test_pattern.constprop	80	static
litedram.c:519:13:sdram_leveling_center_module.constprop	48	static
litedram.c:1054:21:sdram_read_leveling_scan_module.constprop	28	static
litedram.c:88:6:serial0_init	0	static
litedram.c:133:5:sdram_get_databits	0	static
litedram.c:137:5:sdram_get_freq	0	static
litedram.c:141:5:sdram_get_cl	0	static
litedram.c:149:5:sdram_get_cwl	0	static
litedram.c:282:6:sdram_software_control_on	4	static
litedram.c:297:6:sdram_software_control_off	4	static
litedram.c:315:6:sdram_mode_register_write	0	static
litedram.c:482:6:sdram_select	0	static
litedram.c:491:6:sdram_deselect	0	static
litedram.c:508:6:sdram_leveling_action	4	static
litedram.c:666:6:sdram_write_leveling_rst_cmd_delay	4	static
litedram.c:673:6:sdram_inc_clock_delay	4	static
litedram.c:679:6:sdram_rst_clock_delay	4	static
litedram.c:685:6:sdram_write_leveling_force_cmd_delay	20	static
litedram.c:722:6:write_inc_dqs_delay	4	static
litedram.c:742:6:write_inc_delay	8	static
litedram.c:728:6:write_rst_dqs_delay	4	static
litedram.c:748:6:write_rst_delay	8	static
litedram.c:754:6:sdram_write_leveling_rst_dat_delay	16	static
litedram.c:963:5:sdram_write_leveling	52	static
litedram.c:1100:6:sdram_read_leveling	32	static
litedram.c:1173:6:sdram_write_leveling_rst_bitslip	16	static
litedram.c:1316:5:sdram_leveling	32	static
litedram.c:1368:5:main	12	static
