litedram.c:55:6:cdelay	0	static
litedram.c:672:13:sdram_read_leveling_rst_delay	0	static
litedram.c:689:13:sdram_read_leveling_inc_delay	0	static
litedram.c:706:13:sdram_read_leveling_rst_bitslip	0	static
litedram.c:719:13:sdram_read_leveling_inc_bitslip	0	static
litedram.c:71:12:putchar.isra	4	static
litedram.c:75:12:puts.isra	8	static
litedram.c:745:12:sdram_write_read_check_test_pattern	40	static
litedram.c:830:13:sdram_read_leveling_module	32	static
litedram.c:68:6:serial0_init	0	static
litedram.c:113:5:sdram_get_databits	0	static
litedram.c:117:5:sdram_get_freq	0	static
litedram.c:121:5:sdram_get_cl	0	static
litedram.c:129:5:sdram_get_cwl	0	static
litedram.c:264:6:sdram_software_control_on	4	static
litedram.c:280:6:sdram_software_control_off	4	static
litedram.c:299:6:sdram_mode_register_write	0	static
litedram.c:897:6:sdram_read_leveling	44	static
litedram.c:1009:5:sdram_leveling	44	static
litedram.c:1047:5:main	28	static
