Info: Generated random seed: 1165340270155723148
Info: constraining clock net 'clk48mhz_i' to 48.00 MHz

Info: Logic utilisation before packing:
Info:     Total LUT4s:     16528/83640    19%
Info:         logic LUTs:  12706/83640    15%
Info:         carry LUTs:   2682/83640     3%
Info:           RAM LUTs:    760/10455     7%
Info:          RAMW LUTs:    380/20910     1%

Info:      Total DFFs:      5793/83640     6%

Info: Packing IOs..
Info: $usb_d_p$iobuf_i: usb_d_p_$_TBUF__Y.Y
Info: pin 'usb_d_p$tr_io' constrained to Bel 'X126/Y92/PIOD'.
Info: $usb_d_n$iobuf_i: usb_d_n_$_TBUF__Y.Y
Info: pin 'usb_d_n$tr_io' constrained to Bel 'X126/Y89/PIOC'.
Info: pin 'usr_btn_n$tr_io' constrained to Bel 'X0/Y83/PIOC'.
Info: pin 'usb_pullup$tr_io' constrained to Bel 'X126/Y89/PIOD'.
Info: pin 'led_red_n$tr_io' constrained to Bel 'X126/Y83/PIOA'.
Info: pin 'led_green_n$tr_io' constrained to Bel 'X126/Y86/PIOA'.
Info: pin 'led_blue_n$tr_io' constrained to Bel 'X126/Y50/PIOC'.
Info: pin 'clk48mhz_i$tr_io' constrained to Bel 'X71/Y0/PIOA'.
Info: Packing constants..
Info: Packing carries...
Info: Packing LUTs...
Info: Packing LUT5-7s...
Info: Packing FFs...
Info:     3892 FFs paired with LUTs.
Info: Generating derived timing constraints...
Info:     Input frequency of PLL 'pll.pll_inst' is constrained to 48.0 MHz
Info:     Derived frequency constraint of 12.0 MHz for net clk12mhz
Info:     Derived frequency constraint of 24.0 MHz for net clk24mhz
Info:     Derived frequency constraint of 48.0 MHz for net clk48mhz
Info:     Derived frequency constraint of 96.0 MHz for net clk96mhz
Info: Promoting globals...
Info:     promoting clock net clk48mhz to global network
Info: Checksum: 0x92b00451

Info: Device utilisation:
Info: 	          TRELLIS_IO:       8/    365     2%
Info: 	                DCCA:       1/     56     1%
Info: 	              DP16KD:     150/    208    72%
Info: 	          MULT18X18D:      16/    156    10%
Info: 	              ALU54B:       0/     78     0%
Info: 	             EHXPLLL:       1/      4    25%
Info: 	             EXTREFB:       0/      2     0%
Info: 	                DCUA:       0/      2     0%
Info: 	           PCSCLKDIV:       0/      2     0%
Info: 	             IOLOGIC:       0/    224     0%
Info: 	            SIOLOGIC:       0/    141     0%
Info: 	                 GSR:       0/      1     0%
Info: 	               JTAGG:       0/      1     0%
Info: 	                OSCG:       0/      1     0%
Info: 	               SEDGA:       0/      1     0%
Info: 	                 DTR:       0/      1     0%
Info: 	             USRMCLK:       0/      1     0%
Info: 	             CLKDIVF:       0/      4     0%
Info: 	           ECLKSYNCB:       0/     10     0%
Info: 	             DLLDELD:       0/      8     0%
Info: 	              DDRDLL:       0/      4     0%
Info: 	             DQSBUFM:       0/     14     0%
Info: 	     TRELLIS_ECLKBUF:       0/      8     0%
Info: 	        ECLKBRIDGECS:       0/      2     0%
Info: 	                DCSC:       0/      2     0%
Info: 	          TRELLIS_FF:    5793/  83640     6%
Info: 	        TRELLIS_COMB:   17008/  83640    20%
Info: 	        TRELLIS_RAMW:     190/  10455     1%

Info: Placed 9 cells based on constraints.
Info: Creating initial analytic placement for 13163 cells, random placement wirelen = 1617234.
Info:     at initial placer iter 0, wirelen = 5276
Info:     at initial placer iter 1, wirelen = 4881
Info:     at initial placer iter 2, wirelen = 4321
Info:     at initial placer iter 3, wirelen = 4660
Info: Running main analytical placer, max placement attempts per cell = 67088736.
Info:     at iteration #1, type ALL: wirelen solved = 4275, spread = 303170, legal = 301482; time = 1.54s
Info:     at iteration #2, type ALL: wirelen solved = 21217, spread = 232591, legal = 246302; time = 1.47s
Info:     at iteration #3, type ALL: wirelen solved = 40094, spread = 171389, legal = 190619; time = 1.41s
Info:     at iteration #4, type ALL: wirelen solved = 48769, spread = 149009, legal = 167281; time = 1.47s
Info:     at iteration #5, type ALL: wirelen solved = 57617, spread = 142108, legal = 164980; time = 1.47s
Info:     at iteration #6, type ALL: wirelen solved = 62759, spread = 135645, legal = 159688; time = 1.44s
Info:     at iteration #7, type ALL: wirelen solved = 66484, spread = 136113, legal = 159320; time = 1.45s
Info:     at iteration #8, type ALL: wirelen solved = 71672, spread = 132922, legal = 157367; time = 1.43s
Info:     at iteration #9, type ALL: wirelen solved = 72503, spread = 133306, legal = 155299; time = 1.45s
Info:     at iteration #10, type ALL: wirelen solved = 74889, spread = 132456, legal = 155028; time = 1.45s
Info:     at iteration #11, type ALL: wirelen solved = 77702, spread = 131509, legal = 152326; time = 1.30s
Info:     at iteration #12, type ALL: wirelen solved = 79493, spread = 132535, legal = 149879; time = 1.44s
Info:     at iteration #13, type ALL: wirelen solved = 82341, spread = 130589, legal = 146493; time = 1.53s
Info:     at iteration #14, type ALL: wirelen solved = 82264, spread = 130771, legal = 148482; time = 1.49s
Info:     at iteration #15, type ALL: wirelen solved = 81868, spread = 130359, legal = 145758; time = 1.44s
Info:     at iteration #16, type ALL: wirelen solved = 85154, spread = 130825, legal = 146297; time = 1.46s
Info:     at iteration #17, type ALL: wirelen solved = 86524, spread = 129364, legal = 146982; time = 1.55s
Info:     at iteration #18, type ALL: wirelen solved = 85761, spread = 128412, legal = 141298; time = 1.87s
Info:     at iteration #19, type ALL: wirelen solved = 87544, spread = 127148, legal = 142637; time = 1.45s
Info:     at iteration #20, type ALL: wirelen solved = 88309, spread = 124339, legal = 137678; time = 1.51s
Info:     at iteration #21, type ALL: wirelen solved = 87348, spread = 126141, legal = 139164; time = 1.50s
Info:     at iteration #22, type ALL: wirelen solved = 88227, spread = 128804, legal = 143048; time = 1.50s
Info:     at iteration #23, type ALL: wirelen solved = 92688, spread = 127660, legal = 139749; time = 1.50s
Info:     at iteration #24, type ALL: wirelen solved = 92988, spread = 127663, legal = 140936; time = 1.50s
Info:     at iteration #25, type ALL: wirelen solved = 94033, spread = 123327, legal = 138488; time = 1.50s
Info: HeAP Placer Time: 43.32s
Info:   of which solving equations: 11.05s
Info:   of which spreading cells: 2.24s
Info:   of which strict legalisation: 25.14s

Info: Running simulated annealing placer for refinement.
Info:   at iteration #1: temp = 0.000000, timing cost = 6181, wirelen = 137678
Info:   at iteration #5: temp = 0.000000, timing cost = 5389, wirelen = 122177
Info:   at iteration #10: temp = 0.000000, timing cost = 5259, wirelen = 118265
Info:   at iteration #15: temp = 0.000000, timing cost = 4962, wirelen = 116043
Info:   at iteration #20: temp = 0.000000, timing cost = 5198, wirelen = 115450
Info:   at iteration #25: temp = 0.000000, timing cost = 5244, wirelen = 115253
Info:   at iteration #27: temp = 0.000000, timing cost = 5218, wirelen = 115221 
Info: SA placement time 73.10s

Info: Max frequency for clock '$glbnet$clk48mhz': 38.31 MHz (FAIL at 48.00 MHz)

Info: Max delay <async>                  -> posedge $glbnet$clk48mhz: 12.98 ns
Info: Max delay posedge $glbnet$clk48mhz -> <async>                 : 11.08 ns

Info: Slack histogram:
Info:  legend: * represents 31 endpoint(s)
Info:          + represents [1,31) endpoint(s)
Info: [ -5268,  -4000) |****+
Info: [ -4000,  -2732) |*****************+
Info: [ -2732,  -1464) |************************************+
Info: [ -1464,   -196) |*********************************************+
Info: [  -196,   1072) |**********************************+
Info: [  1072,   2340) |*********************+
Info: [  2340,   3608) |**********+
Info: [  3608,   4876) |******+
Info: [  4876,   6144) |***************+
Info: [  6144,   7412) |***********************************+
Info: [  7412,   8680) |**************************************************+
Info: [  8680,   9948) |******************************************+
Info: [  9948,  11216) |**************************************+
Info: [ 11216,  12484) |**************************************+
Info: [ 12484,  13752) |***************************************+
Info: [ 13752,  15020) |************************************************************ 
Info: [ 15020,  16288) |************************************************+
Info: [ 16288,  17556) |*****************************************************+
Info: [ 17556,  18824) |***********************************************************+
Info: [ 18824,  20092) |**********************************+
Info: Checksum: 0x1f133aee
Info: Routing globals...
Info:     routing clock net $glbnet$clk48mhz using global 0

Info: Routing..
Info: Setting up routing queue.
Info: Routing 75725 arcs.
Info:            |   (re-)routed arcs  |   delta    | remaining|       time spent     |
Info:    IterCnt |  w/ripup   wo/ripup |  w/r  wo/r |      arcs| batch(sec) total(sec)|
Info:       1000 |       62        937 |   62   937 |     74832|       1.58       1.58|
Info:       2000 |      185       1814 |  123   877 |     74107|       0.56       2.15|
Info:       3000 |      364       2635 |  179   821 |     73427|       0.53       2.67|
Info:       4000 |      541       3458 |  177   823 |     72829|       0.49       3.17|
Info:       5000 |      713       4286 |  172   828 |     72218|       0.55       3.72|
Info:       6000 |      865       5134 |  152   848 |     71582|       0.38       4.10|
Info:       7000 |     1046       5953 |  181   819 |     71109|       0.46       4.56|
Info:       8000 |     1182       6817 |  136   864 |     70576|       0.42       4.98|
Info:       9000 |     1356       7643 |  174   826 |     70072|       0.45       5.43|
Info:      10000 |     1538       8461 |  182   818 |     69544|       0.37       5.80|
Info:      11000 |     1697       9302 |  159   841 |     68962|       0.32       6.12|
Info:      12000 |     1883      10116 |  186   814 |     68324|       0.34       6.46|
Info:      13000 |     2037      10962 |  154   846 |     67613|       0.35       6.81|
Info:      14000 |     2201      11798 |  164   836 |     67170|       0.36       7.17|
Info:      15000 |     2398      12601 |  197   803 |     66519|       0.34       7.50|
Info:      16000 |     2564      13435 |  166   834 |     65932|       0.42       7.92|
Info:      17000 |     2745      14254 |  181   819 |     65360|       0.40       8.33|
Info:      18000 |     2945      15054 |  200   800 |     64771|       0.39       8.72|
Info:      19000 |     3179      15820 |  234   766 |     64326|       0.38       9.10|
Info:      20000 |     3379      16620 |  200   800 |     63788|       0.42       9.52|
Info:      21000 |     3565      17434 |  186   814 |     63282|       0.51      10.03|
Info:      22000 |     3777      18222 |  212   788 |     62779|       0.51      10.53|
Info:      23000 |     3953      19046 |  176   824 |     62168|       0.54      11.08|
Info:      24000 |     4140      19859 |  187   813 |     61670|       0.42      11.50|
Info:      25000 |     4301      20698 |  161   839 |     61191|       0.52      12.02|
Info:      26000 |     4481      21518 |  180   820 |     60555|       0.55      12.57|
Info:      27000 |     4652      22347 |  171   829 |     60003|       0.45      13.02|
Info:      28000 |     4864      23135 |  212   788 |     59451|       0.38      13.40|
Info:      29000 |     5058      23941 |  194   806 |     58792|       0.39      13.79|
Info:      30000 |     5227      24772 |  169   831 |     58143|       0.39      14.18|
Info:      31000 |     5405      25594 |  178   822 |     57454|       0.36      14.54|
Info:      32000 |     5586      26413 |  181   819 |     57005|       0.38      14.92|
Info:      33000 |     5825      27174 |  239   761 |     56472|       0.42      15.34|
Info:      34000 |     6062      27937 |  237   763 |     55853|       0.40      15.74|
Info:      35000 |     6290      28709 |  228   772 |     55251|       0.35      16.10|
Info:      36000 |     6492      29507 |  202   798 |     54681|       0.39      16.49|
Info:      37000 |     6665      30334 |  173   827 |     54087|       0.41      16.90|
Info:      38000 |     6875      31124 |  210   790 |     53575|       0.47      17.37|
Info:      39000 |     7093      31906 |  218   782 |     52936|       0.39      17.75|
Info:      40000 |     7326      32673 |  233   767 |     52345|       0.40      18.15|
Info:      41000 |     7574      33425 |  248   752 |     51788|       0.38      18.53|
Info:      42000 |     7834      34165 |  260   740 |     51266|       0.48      19.02|
Info:      43000 |     8086      34913 |  252   748 |     50723|       0.37      19.39|
Info:      44000 |     8312      35687 |  226   774 |     50204|       0.42      19.80|
Info:      45000 |     8562      36437 |  250   750 |     49577|       0.43      20.23|
Info:      46000 |     8805      37194 |  243   757 |     49116|       0.42      20.66|
Info:      47000 |     9049      37950 |  244   756 |     48435|       0.36      21.02|
Info:      48000 |     9336      38663 |  287   713 |     47956|       0.43      21.45|
Info:      49000 |     9613      39386 |  277   723 |     47323|       0.42      21.87|
Info:      50000 |     9885      40114 |  272   728 |     46757|       0.43      22.30|
Info:      51000 |    10162      40837 |  277   723 |     46207|       0.37      22.67|
Info:      52000 |    10454      41545 |  292   708 |     45731|       0.42      23.09|
Info:      53000 |    10773      42226 |  319   681 |     45359|       0.57      23.66|
Info:      54000 |    11072      42927 |  299   701 |     44910|       0.49      24.15|
Info:      55000 |    11339      43660 |  267   733 |     44401|       0.57      24.71|
Info:      56000 |    11618      44381 |  279   721 |     43966|       0.51      25.23|
Info:      57000 |    11842      45157 |  224   776 |     43619|       0.43      25.66|
Info:      58000 |    12174      45825 |  332   668 |     43122|       0.48      26.14|
Info:      59000 |    12442      46557 |  268   732 |     42633|       0.35      26.49|
Info:      60000 |    12764      47235 |  322   678 |     42227|       0.61      27.10|
Info:      61000 |    13100      47899 |  336   664 |     41797|       0.44      27.54|
Info:      62000 |    13444      48555 |  344   656 |     41333|       0.47      28.01|
Info:      63000 |    13776      49221 |  332   666 |     40849|       0.49      28.50|
Info:      64000 |    14122      49868 |  346   647 |     40358|       0.49      28.99|
Info:      65000 |    14433      50549 |  311   681 |     39830|       0.45      29.43|
Info:      66000 |    14688      51290 |  255   741 |     39633|       0.41      29.85|
Info:      67000 |    14991      51968 |  303   678 |     39118|       0.47      30.32|
Info:      68000 |    15281      52642 |  290   674 |     38606|       0.51      30.83|
Info:      69000 |    15607      53281 |  326   639 |     38104|       0.49      31.32|
Info:      70000 |    15911      53941 |  304   660 |     37650|       0.39      31.71|
Info:      71000 |    16164      54608 |  253   667 |     37057|       0.43      32.14|
Info:      72000 |    16473      55261 |  309   653 |     36456|       0.36      32.50|
Info:      73000 |    16737      55936 |  264   675 |     35787|       0.39      32.89|
Info:      74000 |    17015      56625 |  278   689 |     35339|       0.44      33.33|
Info:      75000 |    17303      57262 |  288   637 |     34711|       0.37      33.70|
Info:      76000 |    17547      57954 |  244   692 |     34046|       0.36      34.06|
Info:      77000 |    17825      58581 |  278   627 |     33384|       0.32      34.37|
Info:      78000 |    18094      59267 |  269   686 |     32865|       0.33      34.70|
Info:      79000 |    18350      59979 |  256   712 |     32241|       0.38      35.08|
Info:      80000 |    18639      60668 |  289   689 |     31653|       0.44      35.52|
Info:      81000 |    18919      61376 |  280   708 |     31193|       0.40      35.92|
Info:      82000 |    19218      62061 |  299   685 |     30706|       0.57      36.49|
Info:      83000 |    19462      62770 |  244   709 |     30026|       0.42      36.91|
Info:      84000 |    19760      63447 |  298   677 |     29445|       0.44      37.34|
Info:      85000 |    20002      64128 |  242   681 |     28879|       0.42      37.77|
Info:      86000 |    20241      64853 |  239   725 |     28198|       0.39      38.16|
Info:      87000 |    20503      65584 |  262   731 |     27868|       0.49      38.65|
Info:      88000 |    20822      66241 |  319   657 |     27278|       0.53      39.18|
Info:      89000 |    21059      66979 |  237   738 |     26604|       0.39      39.57|
Info:      90000 |    21293      67703 |  234   724 |     25959|       0.40      39.97|
Info:      91000 |    21516      68451 |  223   748 |     25236|       0.41      40.39|
Info:      92000 |    21793      69133 |  277   682 |     24709|       0.48      40.87|
Info:      93000 |    22016      69835 |  223   702 |     24007|       0.40      41.27|
Info:      94000 |    22237      70527 |  221   692 |     23291|       0.39      41.66|
Info:      95000 |    22520      71191 |  283   664 |     22731|       0.55      42.21|
Info:      96000 |    22815      71859 |  295   668 |     22257|       0.56      42.76|
Info:      97000 |    23055      72517 |  240   658 |     21646|       0.50      43.27|
Info:      98000 |    23274      73270 |  219   753 |     20934|       0.49      43.76|
Info:      99000 |    23458      74047 |  184   777 |     20380|       0.47      44.23|
Info:     100000 |    23718      74750 |  260   703 |     19769|       0.49      44.72|
Info:     101000 |    23945      75489 |  227   739 |     19130|       0.45      45.17|
Info:     102000 |    24119      76244 |  174   755 |     18336|       0.44      45.61|
Info:     103000 |    24308      77032 |  189   788 |     17570|       0.39      46.00|
Info:     104000 |    24583      77707 |  275   675 |     17011|       0.57      46.58|
Info:     105000 |    24820      78415 |  237   708 |     16375|       0.56      47.14|
Info:     106000 |    25045      79174 |  225   759 |     15813|       0.51      47.65|
Info:     107000 |    25243      79951 |  198   777 |     15288|       0.57      48.22|
Info:     108000 |    25522      80641 |  279   690 |     14763|       0.62      48.84|
Info:     109000 |    25721      81407 |  199   766 |     14004|       0.45      49.28|
Info:     110000 |    25927      82149 |  206   742 |     13389|       0.48      49.77|
Info:     111000 |    26191      82854 |  264   705 |     13086|       0.64      50.40|
Info:     112000 |    26346      83637 |  155   783 |     12452|       0.49      50.89|
Info:     113000 |    26584      84330 |  238   693 |     11851|       0.47      51.36|
Info:     114000 |    26787      85083 |  203   753 |     11163|       0.53      51.89|
Info:     115000 |    26980      85844 |  193   761 |     10654|       0.66      52.55|
Info:     116000 |    27264      86520 |  284   676 |     10185|       0.68      53.23|
Info:     117000 |    27563      87220 |  299   700 |      9902|       0.87      54.10|
Info:     118000 |    27670      88007 |  107   787 |      9083|       0.34      54.44|
Info:     119000 |    27819      88817 |  149   810 |      8410|       0.52      54.96|
Info:     120000 |    27983      89620 |  164   803 |      7937|       0.63      55.59|
Info:     121000 |    28185      90402 |  202   782 |      7265|       0.50      56.09|
Info:     122000 |    28373      91176 |  188   774 |      6573|       0.41      56.50|
Info:     123000 |    28487      91997 |  114   821 |      5859|       0.37      56.87|
Info:     124000 |    28665      92819 |  178   822 |      5125|       0.39      57.26|
Info:     125000 |    28859      93625 |  194   806 |      4466|       0.49      57.75|
Info:     126000 |    29036      94448 |  177   823 |      3690|       0.44      58.19|
Info:     127000 |    29398      95086 |  362   638 |      3085|       0.45      58.63|
Info:     128000 |    29572      95773 |  174   687 |      2293|       0.51      59.14|
Info:     129000 |    29608      96528 |   36   755 |      1337|       0.38      59.52|
Info:     130000 |    29656      97265 |   48   737 |       404|       0.41      59.94|
Info:     130412 |    29664      97577 |    8   312 |         0|       0.21      60.15|
Info: Routing complete.
Info: Router1 time 60.15s
Info: Checksum: 0xc8543f72

Info: Critical path report for clock '$glbnet$clk48mhz' (posedge -> posedge):
Info:       type curr  total name
Info:   clk-to-q  5.83  5.83 Source cpu.genpu[0].pu.iCache.gen_ways[0].tags.u.0.1.DOB0
Info:    routing  1.69  7.52 Net cpu.genpu[0].pu.iCache.gen_ways[0].tags.u.0.1_DOB0[1] (87,46) -> (83,50)
Info:                          Sink cpu.genpu[0].pu.iCache.gen_ways[0].tags.u.0.0_DOB4_LUT4_A_Z_LUT4_Z.B
Info:                          Defined in:
Info:                               /opt/fpga-toolchain/lib/../share/yosys/ecp5/brams_map.v:46.13-46.16
Info:      logic  0.24  7.76 Source cpu.genpu[0].pu.iCache.gen_ways[0].tags.u.0.0_DOB4_LUT4_A_Z_LUT4_Z.F
Info:    routing  0.59  8.35 Net cpu.genpu[0].pu.iCache.gen_ways[0].tags.u.0.0_DOB4_LUT4_A_Z[0] (83,50) -> (83,50)
Info:                          Sink cpu.genpu[0].pu.iCache.gen_ways[0].tags.u.0.0_DOB4_LUT4_A_Z_LUT4_B.B
Info:                          Defined in:
Info:                               /opt/fpga-toolchain/lib/../share/yosys/ecp5/cells_map.v:108.23-108.24
Info:      logic  0.24  8.59 Source cpu.genpu[0].pu.iCache.gen_ways[0].tags.u.0.0_DOB4_LUT4_A_Z_LUT4_B.F
Info:    routing  0.86  9.45 Net cpu.genpu[0].pu.iCache.gen_ways[0].tags.u.0.1_DOB7_LUT4_A_Z_LUT4_C_Z_LUT4_Z_2_A[1] (83,50) -> (81,50)
Info:                          Sink cpu.genpu[0].pu.iCache.gen_ways[0].tags.u.0.1_DOB7_LUT4_A_Z_LUT4_C_Z_LUT4_Z_2.B
Info:                          Defined in:
Info:                               /opt/fpga-toolchain/lib/../share/yosys/ecp5/cells_map.v:108.23-108.24
Info:      logic  0.24  9.69 Source cpu.genpu[0].pu.iCache.gen_ways[0].tags.u.0.1_DOB7_LUT4_A_Z_LUT4_C_Z_LUT4_Z_2.F
Info:    routing  0.89  10.57 Net cpu.genpu[0].pu.iCache.gen_ways[0].tags.u.0.1_DOB7_LUT4_A_Z_LUT4_C_Z[3] (81,50) -> (81,50)
Info:                          Sink cpu.genpu[0].pu.iCache.gen_ways[0].tags.u.0.1_DOB7_LUT4_A_Z_LUT4_C_Z_LUT4_A.D
Info:                          Defined in:
Info:                               /opt/fpga-toolchain/lib/../share/yosys/ecp5/cells_map.v:108.23-108.24
Info:      logic  0.24  10.81 Source cpu.genpu[0].pu.iCache.gen_ways[0].tags.u.0.1_DOB7_LUT4_A_Z_LUT4_C_Z_LUT4_A.F
Info:    routing  0.49  11.30 Net cpu.genpu[0].pu.iCache.gen_ways[0].tags.u.0.0_DOB3_LUT4_A_Z[4] (81,50) -> (79,50)
Info:                          Sink cpu.genpu[0].pu.iF_flushed__LUT4_C_D_PFUMX_Z_BLUT_LUT4_Z.M
Info:                          Defined in:
Info:                               /opt/fpga-toolchain/lib/../share/yosys/ecp5/cells_map.v:108.23-108.24
Info:      logic  0.26  11.55 Source cpu.genpu[0].pu.iF_flushed__LUT4_C_D_PFUMX_Z_BLUT_LUT4_Z.OFX
Info:    routing  0.94  12.50 Net cpu.genpu[0].pu.iF_flushed__LUT4_C_D[0] (79,50) -> (80,54)
Info:                          Sink cpu.genpu[0].pu.iF_flushed__LUT4_D.C
Info:                          Defined in:
Info:                               /opt/fpga-toolchain/lib/../share/yosys/ecp5/cells_map.v:108.23-108.24
Info:      logic  0.24  12.73 Source cpu.genpu[0].pu.iF_flushed__LUT4_D.F
Info:    routing  0.52  13.25 Net cpu.genpu[0].pu.iF_flushed__LUT4_D_Z[2] (80,54) -> (80,53)
Info:                          Sink cpu.genpu[0].pu.iF_pc_i_CCU2C_S0_A0_LUT4_Z_C_LUT4_Z_C_LUT4_C_2_Z_LUT4_Z.C
Info:                          Defined in:
Info:                               /opt/fpga-toolchain/lib/../share/yosys/ecp5/cells_map.v:108.23-108.24
Info:      logic  0.24  13.48 Source cpu.genpu[0].pu.iF_pc_i_CCU2C_S0_A0_LUT4_Z_C_LUT4_Z_C_LUT4_C_2_Z_LUT4_Z.F
Info:    routing  1.14  14.63 Net cpu.genpu[0].pu.iF_pc_i_CCU2C_S0_10_A0_LUT4_Z_C[3] (80,53) -> (79,54)
Info:                          Sink cpu.genpu[0].pu.iF_pc_i_CCU2C_S0_4_A0_LUT4_Z.D
Info:                          Defined in:
Info:                               /opt/fpga-toolchain/lib/../share/yosys/ecp5/cells_map.v:108.23-108.24
Info:      logic  0.24  14.86 Source cpu.genpu[0].pu.iF_pc_i_CCU2C_S0_4_A0_LUT4_Z.F
Info:    routing  0.92  15.79 Net cpu.genpu[0].pu.iF_pc_i_CCU2C_S0_4_A0 (79,54) -> (79,52)
Info:                          Sink cpu.genpu[0].pu.iF_pc_i_CCU2C_S0_4$CCU2_COMB0.A
Info:      logic  0.45  16.24 Source cpu.genpu[0].pu.iF_pc_i_CCU2C_S0_4$CCU2_COMB0.FCO
Info:    routing  0.00  16.24 Net cpu.genpu[0].pu.iF_pc_i_CCU2C_S0_4$CCU2_FCI_INT (79,52) -> (79,52)
Info:                          Sink cpu.genpu[0].pu.iF_pc_i_CCU2C_S0_4$CCU2_COMB1.FCI
Info:      logic  0.00  16.24 Source cpu.genpu[0].pu.iF_pc_i_CCU2C_S0_4$CCU2_COMB1.FCO
Info:    routing  0.00  16.24 Net cpu.genpu[0].pu.iF_pc_i_CCU2C_S0_4_COUT (79,52) -> (79,52)
Info:                          Sink cpu.genpu[0].pu.iF_pc_i_CCU2C_S0_2$CCU2_COMB0.FCI
Info:                          Defined in:
Info:                               ../..//rvxx/./pu.v:424.19-439.16
Info:                               /opt/fpga-toolchain/lib/../share/yosys/ecp5/arith_map.v:74.7-80.4
Info:                               /opt/fpga-toolchain/lib/../share/yosys/ecp5/cells_sim.v:82.9-82.13
Info:      logic  0.07  16.31 Source cpu.genpu[0].pu.iF_pc_i_CCU2C_S0_2$CCU2_COMB0.FCO
Info:    routing  0.00  16.31 Net cpu.genpu[0].pu.iF_pc_i_CCU2C_S0_2$CCU2_FCI_INT (79,52) -> (79,52)
Info:                          Sink cpu.genpu[0].pu.iF_pc_i_CCU2C_S0_2$CCU2_COMB1.FCI
Info:      logic  0.00  16.31 Source cpu.genpu[0].pu.iF_pc_i_CCU2C_S0_2$CCU2_COMB1.FCO
Info:    routing  0.00  16.31 Net cpu.genpu[0].pu.iF_pc_i_CCU2C_S0_2_COUT (79,52) -> (80,52)
Info:                          Sink cpu.genpu[0].pu.iF_pc_i_CCU2C_S0_1$CCU2_COMB0.FCI
Info:                          Defined in:
Info:                               ../..//rvxx/./pu.v:424.19-439.16
Info:                               /opt/fpga-toolchain/lib/../share/yosys/ecp5/arith_map.v:74.7-80.4
Info:                               /opt/fpga-toolchain/lib/../share/yosys/ecp5/cells_sim.v:82.9-82.13
Info:      logic  0.07  16.38 Source cpu.genpu[0].pu.iF_pc_i_CCU2C_S0_1$CCU2_COMB0.FCO
Info:    routing  0.00  16.38 Net cpu.genpu[0].pu.iF_pc_i_CCU2C_S0_1$CCU2_FCI_INT (80,52) -> (80,52)
Info:                          Sink cpu.genpu[0].pu.iF_pc_i_CCU2C_S0_1$CCU2_COMB1.FCI
Info:      logic  0.00  16.38 Source cpu.genpu[0].pu.iF_pc_i_CCU2C_S0_1$CCU2_COMB1.FCO
Info:    routing  0.00  16.38 Net cpu.genpu[0].pu.iF_pc_i_CCU2C_S0_1_COUT (80,52) -> (80,52)
Info:                          Sink cpu.genpu[0].pu.iF_pc_i_CCU2C_S0$CCU2_COMB0.FCI
Info:                          Defined in:
Info:                               ../..//rvxx/./pu.v:424.19-439.16
Info:                               /opt/fpga-toolchain/lib/../share/yosys/ecp5/arith_map.v:74.7-80.4
Info:                               /opt/fpga-toolchain/lib/../share/yosys/ecp5/cells_sim.v:82.9-82.13
Info:      logic  0.07  16.45 Source cpu.genpu[0].pu.iF_pc_i_CCU2C_S0$CCU2_COMB0.FCO
Info:    routing  0.00  16.45 Net cpu.genpu[0].pu.iF_pc_i_CCU2C_S0$CCU2_FCI_INT (80,52) -> (80,52)
Info:                          Sink cpu.genpu[0].pu.iF_pc_i_CCU2C_S0$CCU2_COMB1.FCI
Info:      logic  0.00  16.45 Source cpu.genpu[0].pu.iF_pc_i_CCU2C_S0$CCU2_COMB1.FCO
Info:    routing  0.00  16.45 Net cpu.genpu[0].pu.iF_pc_i_CCU2C_S0_COUT (80,52) -> (80,52)
Info:                          Sink cpu.genpu[0].pu.iF_pc_i_CCU2C_S0_14$CCU2_COMB0.FCI
Info:                          Defined in:
Info:                               ../..//rvxx/./pu.v:424.19-439.16
Info:                               /opt/fpga-toolchain/lib/../share/yosys/ecp5/arith_map.v:74.7-80.4
Info:                               /opt/fpga-toolchain/lib/../share/yosys/ecp5/cells_sim.v:82.9-82.13
Info:      logic  0.44  16.89 Source cpu.genpu[0].pu.iF_pc_i_CCU2C_S0_14$CCU2_COMB0.F
Info:    routing  1.20  18.09 Net cpu.genpu[0].pu.iCache_ridx_w[8] (80,52) -> (84,52)
Info:                          Sink cpu.genpu[0].pu.bht.0.0_ADA9_LUT4_A.D
Info:                          Defined in:
Info:                               ../..//rvxx/./pu.v:284.25-284.32
Info:      logic  0.24  18.33 Source cpu.genpu[0].pu.bht.0.0_ADA9_LUT4_A.F
Info:    routing  0.63  18.96 Net cpu.genpu[0].pu.bht.0.0_ADA9_LUT4_B_Z[3] (84,52) -> (84,52)
Info:                          Sink cpu.genpu[0].pu.bht.0.0_ADA3_LUT4_B_Z_PFUMX_Z_1_ALUT_LUT4_Z.D
Info:                          Defined in:
Info:                               /opt/fpga-toolchain/lib/../share/yosys/ecp5/cells_map.v:108.23-108.24
Info:      logic  0.24  19.19 Source cpu.genpu[0].pu.bht.0.0_ADA3_LUT4_B_Z_PFUMX_Z_1_ALUT_LUT4_Z.F
Info:    routing  0.00  19.19 Net cpu.genpu[0].pu.bht.0.0_ADA3_LUT4_B_Z_PFUMX_Z_1_ALUT (84,52) -> (84,52)
Info:                          Sink cpu.genpu[0].pu.bht.0.0_ADA3_LUT4_B_Z_PFUMX_Z_1_BLUT_LUT4_Z.F1
Info:                          Defined in:
Info:                               /opt/fpga-toolchain/lib/../share/yosys/ecp5/cells_map.v:133.22-133.24
Info:      logic  0.17  19.36 Source cpu.genpu[0].pu.bht.0.0_ADA3_LUT4_B_Z_PFUMX_Z_1_BLUT_LUT4_Z.OFX
Info:    routing  0.68  20.04 Net cpu.genpu[0].pu.bht.0.0_ADA3_LUT4_B_Z[4] (84,52) -> (84,51)
Info:                          Sink cpu.genpu[0].pu.bht.0.0_DOB1_TRELLIS_FF_Q_1_DI_PFUMX_Z_BLUT_LUT4_Z.M
Info:                          Defined in:
Info:                               /opt/fpga-toolchain/lib/../share/yosys/ecp5/cells_map.v:108.23-108.24
Info:      logic  0.26  20.29 Source cpu.genpu[0].pu.bht.0.0_DOB1_TRELLIS_FF_Q_1_DI_PFUMX_Z_BLUT_LUT4_Z.OFX
Info:    routing  0.46  20.76 Net cpu.genpu[0].pu.bht.0.0_DOB1_TRELLIS_FF_Q_1_DI (84,51) -> (84,51)
Info:                          Sink cpu.genpu[0].pu.bht.0.0_DOB1_TRELLIS_FF_Q_1.M
Info:      setup  0.00  20.76 Source cpu.genpu[0].pu.bht.0.0_DOB1_TRELLIS_FF_Q_1.M
Info: 9.73 ns logic, 11.02 ns routing

Info: Critical path report for cross-domain path '<async>' -> 'posedge $glbnet$clk48mhz':
Info:       type curr  total name
Info:     source  0.00  0.00 Source usr_btn_n$tr_io.O
Info:    routing  6.51  6.51 Net usr_btn_n$TRELLIS_IO_IN (0,83) -> (78,37)
Info:                          Sink usr_btn_n_LUT4_D.D
Info:                          Defined in:
Info:                               ../orangecrab0285.v:53.12-53.21
Info:      logic  0.24  6.74 Source usr_btn_n_LUT4_D.F
Info:    routing  0.69  7.43 Net usr_btn_n_LUT4_D_Z (78,37) -> (78,35)
Info:                          Sink rst_cntr_TRELLIS_FF_Q_9.LSR
Info:      setup  0.42  7.86 Source rst_cntr_TRELLIS_FF_Q_9.LSR
Info: 0.66 ns logic, 7.20 ns routing

Info: Critical path report for cross-domain path 'posedge $glbnet$clk48mhz' -> '<async>':
Info:       type curr  total name
Info:   clk-to-q  0.52  0.52 Source usb_d_p_$_TBUF__Y_E_LUT4_Z_D_TRELLIS_FF_Q.Q
Info:    routing  3.90  4.42 Net usb_d_p_$_TBUF__Y_E_LUT4_Z_D[1] (54,80) -> (111,85)
Info:                          Sink usb_d_p_$_TBUF__Y_E_LUT4_Z.D
Info:                          Defined in:
Info:                               /opt/fpga-toolchain/lib/../share/yosys/ecp5/cells_map.v:108.23-108.24
Info:      logic  0.24  4.66 Source usb_d_p_$_TBUF__Y_E_LUT4_Z.F
Info:    routing  1.66  6.32 Net usb_d_p_$_TBUF__Y_E (111,85) -> (124,90)
Info:                          Sink usb_d_p$tr_io$invert_T.A
Info:      logic  0.24  6.55 Source usb_d_p$tr_io$invert_T.F
Info:    routing  1.14  7.69 Net usb_d_p$tr_io$invert_T$conn$Z (124,90) -> (126,92)
Info:                          Sink usb_d_p$tr_io.T
Info: 1.00 ns logic, 6.69 ns routing

Info: Max frequency for clock '$glbnet$clk48mhz': 48.18 MHz (PASS at 48.00 MHz)

Info: Max delay <async>                  -> posedge $glbnet$clk48mhz: 7.86 ns
Info: Max delay posedge $glbnet$clk48mhz -> <async>                 : 7.69 ns

Info: Slack histogram:
Info:  legend: * represents 32 endpoint(s)
Info:          + represents [1,32) endpoint(s)
Info: [    76,   1067) |+
Info: [  1067,   2058) |***+
Info: [  2058,   3049) |*************************************+
Info: [  3049,   4040) |************************************************+
Info: [  4040,   5031) |*************************************+
Info: [  5031,   6022) |***********************+
Info: [  6022,   7013) |****************+
Info: [  7013,   8004) |***************+
Info: [  8004,   8995) |*********************+
Info: [  8995,   9986) |*******************************************+
Info: [  9986,  10977) |******************************************+
Info: [ 10977,  11968) |*************************************+
Info: [ 11968,  12959) |**********************************+
Info: [ 12959,  13950) |**********************************************+
Info: [ 13950,  14941) |**********************************************************+
Info: [ 14941,  15932) |***************************************+
Info: [ 15932,  16923) |*******************************+
Info: [ 16923,  17914) |****************************************+
Info: [ 17914,  18905) |************************************************************ 
Info: [ 18905,  19896) |**************************************+
Info: Using pin H15 as VREF for bank 6

Info: Program finished normally.
