litedram.c:242:13:command_px	0	static
litedram.c:343:21:popcount	0	static
litedram.c:1042:6:read_inc_dq_delay	0	static
litedram.c:1048:6:read_rst_dq_delay	0	static
litedram.c:1088:6:read_inc_dq_bitslip	0	static
litedram.c:1094:6:read_rst_dq_bitslip	0	static
litedram.c:508:6:sdram_leveling_action.constprop	4	static
litedram.c:210:13:sdram_dfii_pix_baddress_write.constprop	0	static
litedram.c:178:13:sdram_dfii_pix_address_write.constprop	0	static
litedram.c:91:12:putchar.isra	4	static
litedram.c:95:12:puts.isra	8	static
litedram.c:73:30:cdelay	0	static
litedram.c:474:12:run_test_pattern.constprop	64	static
litedram.c:519:13:sdram_leveling_center_module.constprop	32	static
litedram.c:88:6:serial0_init	0	static
litedram.c:133:5:sdram_get_databits	0	static
litedram.c:137:5:sdram_get_freq	0	static
litedram.c:141:5:sdram_get_cl	0	static
litedram.c:149:5:sdram_get_cwl	0	static
litedram.c:282:6:sdram_software_control_on	4	static
litedram.c:297:6:sdram_software_control_off	4	static
litedram.c:315:6:sdram_mode_register_write	0	static
litedram.c:482:6:sdram_select	0	static
litedram.c:491:6:sdram_deselect	0	static
litedram.c:508:6:sdram_leveling_action	4	static
litedram.c:1100:6:sdram_read_leveling	40	static
litedram.c:1316:5:sdram_leveling	4	static
litedram.c:1368:5:main	12	static
